L 01/28/2026 - 12:45:03: Log file started (file "cstrike\addons\amxmodx\logs\zombieplague.log") (game "cstrike") (amx "1.10.0.5474")
L 01/28/2026 - 12:45:03: ADMIN talent <STEAM_ID_LAN><loopback> - talent turned into a Zombie (Players: 1/32)
L 01/28/2026 - 12:59:25: ADMIN talent <STEAM_ID_LAN><loopback> - talent turned into a Nemesis (Players: 1/32)
L 01/28/2026 - 12:59:54: ADMIN talent <STEAM_ID_LAN><loopback> - talent turned into a Zombie (Players: 1/32)
L 01/28/2026 - 13:10:29: ADMIN talent <STEAM_ID_LAN><loopback> - talent turned into a Zombie (Players: 1/32)
L 01/28/2026 - 13:15:34: ADMIN talent <STEAM_ID_LAN><loopback> - talent turned into a Zombie (Players: 1/32)
L 01/28/2026 - 13:17:53: ADMIN talent <STEAM_ID_LAN><loopback> - talent turned into a Zombie (Players: 1/32)
L 01/28/2026 - 13:27:29: ADMIN talent <STEAM_ID_LAN><loopback> - talent turned into a Zombie (Players: 1/32)
L 01/28/2026 - 13:28:25: ADMIN talent <STEAM_ID_LAN><loopback> - talent turned into a Nemesis (Players: 1/32)
L 01/28/2026 - 13:36:44: ADMIN talent <STEAM_ID_LAN><loopback> - talent turned into a Zombie (Players: 1/32)
L 01/28/2026 - 13:40:06: ADMIN talent <STEAM_ID_LAN><loopback> - talent turned into a Zombie (Players: 1/32)
L 01/28/2026 - 13:47:03: ADMIN talent <STEAM_ID_LAN><loopback> - talent turned into a Zombie (Players: 1/32)
L 01/28/2026 - 13:48:09: ADMIN talent <STEAM_ID_LAN><loopback> - talent turned into a Zombie (Players: 1/32)
L 01/28/2026 - 13:50:44: ADMIN talent <STEAM_ID_LAN><loopback> - talent turned into a Zombie (Players: 1/32)
L 01/28/2026 - 14:00:01: ADMIN talent <STEAM_ID_LAN><loopback> - talent turned into a Zombie (Players: 1/32)
L 01/28/2026 - 14:00:17: ADMIN talent <STEAM_ID_LAN><loopback> - talent turned into a Survivor (Players: 1/32)
L 01/28/2026 - 14:00:31: ADMIN talent <STEAM_ID_LAN><loopback> - talent turned into a Survivor (Players: 1/32)
L 01/28/2026 - 14:01:03: ADMIN talent <STEAM_ID_LAN><loopback> - talent turned into a Survivor (Players: 1/32)
L 01/28/2026 - 14:01:07: ADMIN talent <STEAM_ID_LAN><loopback> - talent turned into a Survivor (Players: 1/32)
L 01/28/2026 - 14:01:35: ADMIN talent <STEAM_ID_LAN><loopback> - talent turned into a Survivor (Players: 1/32)
L 01/28/2026 - 14:06:30: ADMIN talent <STEAM_ID_LAN><loopback> - talent turned into a Zombie (Players: 1/32)
L 01/28/2026 - 14:10:54: ADMIN talent <STEAM_ID_LAN><loopback> - talent turned into a Zombie (Players: 1/32)
L 01/28/2026 - 14:11:31: ADMIN talent <STEAM_ID_LAN><loopback> - talent turned into a Zombie (Players: 1/32)
L 01/28/2026 - 14:13:06: ADMIN talent <STEAM_ID_LAN><loopback> - talent turned into a Zombie (Players: 1/32)
L 01/28/2026 - 14:14:30: ADMIN talent <STEAM_ID_LAN><loopback> - talent turned into a Zombie (Players: 1/32)
L 01/28/2026 - 14:18:29: ADMIN talent <STEAM_ID_LAN><loopback> - talent turned into a Zombie (Players: 1/32)
L 01/28/2026 - 14:19:49: ADMIN talent <STEAM_ID_LAN><loopback> - talent turned into a Zombie (Players: 1/32)
L 01/28/2026 - 14:21:23: ADMIN talent <STEAM_ID_LAN><loopback> - talent turned into a Zombie (Players: 1/32)
L 01/28/2026 - 14:21:50: ADMIN talent <STEAM_ID_LAN><loopback> - talent turned into a Zombie (Players: 1/32)
L 01/28/2026 - 14:22:16: ADMIN talent <STEAM_ID_LAN><loopback> - talent turned into a Zombie (Players: 1/32)
L 01/28/2026 - 14:23:36: ADMIN talent <STEAM_ID_LAN><loopback> - talent turned into a Zombie (Players: 1/32)
L 01/28/2026 - 14:26:21: ADMIN talent <STEAM_ID_LAN><loopback> - talent turned into a Zombie (Players: 1/32)
L 01/28/2026 - 14:26:54: ADMIN talent <STEAM_ID_LAN><loopback> - talent turned into a Zombie (Players: 1/32)
L 01/28/2026 - 14:28:12: ADMIN talent <STEAM_ID_LAN><loopback> - talent turned into a Zombie (Players: 1/32)
L 01/28/2026 - 14:33:28: ADMIN talent <STEAM_ID_LAN><loopback> - talent turned into a Zombie (Players: 1/32)
L 01/28/2026 - 14:34:26: ADMIN talent <STEAM_ID_LAN><loopback> - talent turned into a Zombie (Players: 1/32)
L 01/28/2026 - 14:39:09: ADMIN talent <STEAM_ID_LAN><loopback> - talent turned into a Zombie (Players: 1/32)
L 01/28/2026 - 14:46:27: ADMIN talent <STEAM_ID_LAN><loopback> - talent turned into a Zombie (Players: 1/32)
L 01/28/2026 - 14:48:23: ADMIN talent <STEAM_ID_LAN><loopback> - talent turned into a Zombie (Players: 1/32)
L 01/28/2026 - 14:49:20: ADMIN talent <STEAM_ID_LAN><loopback> - talent turned into a Zombie (Players: 1/32)
L 01/28/2026 - 14:57:36: ADMIN talent <STEAM_ID_LAN><loopback> - talent turned into a Zombie (Players: 1/32)
L 01/28/2026 - 14:58:13: ADMIN talent <STEAM_ID_LAN><loopback> - talent turned into a Zombie (Players: 1/32)
L 01/28/2026 - 14:58:54: ADMIN talent <STEAM_ID_LAN><loopback> - talent turned into a Zombie (Players: 1/32)
L 01/28/2026 - 15:09:03: ADMIN talent <STEAM_ID_LAN><loopback> - talent turned into a Zombie (Players: 1/32)
L 01/28/2026 - 15:12:00: ADMIN talent <STEAM_ID_LAN><loopback> - talent turned into a Zombie (Players: 1/32)
L 01/28/2026 - 15:15:59: ADMIN talent <STEAM_ID_LAN><loopback> - talent turned into a Zombie (Players: 1/32)
L 01/28/2026 - 16:22:57: ADMIN talent <STEAM_ID_LAN><loopback> - DarkWarrior turned into a Zombie (Players: 10/32)
L 01/28/2026 - 16:22:58: ADMIN talent <STEAM_ID_LAN><loopback> - articwolf turned into a Zombie (Players: 10/32)
L 01/28/2026 - 16:22:59: ADMIN talent <STEAM_ID_LAN><loopback> - The BiG SMUT turned into a Zombie (Players: 10/32)
L 01/28/2026 - 16:23:02: ADMIN talent <STEAM_ID_LAN><loopback> - Mushlafa turned into a Zombie (Players: 10/32)
L 01/28/2026 - 16:23:02: ADMIN talent <STEAM_ID_LAN><loopback> - Deadlynome turned into a Zombie (Players: 10/32)
L 01/28/2026 - 16:23:05: ADMIN talent <STEAM_ID_LAN><loopback> - DarkWarrior turned back to Human (Players: 10/32)
L 01/28/2026 - 16:23:05: ADMIN talent <STEAM_ID_LAN><loopback> - DarkWarrior turned into a Zombie (Players: 10/32)
L 01/28/2026 - 16:23:06: ADMIN talent <STEAM_ID_LAN><loopback> - talent turned into a Zombie (Players: 10/32)
L 01/28/2026 - 16:23:09: ADMIN talent <STEAM_ID_LAN><loopback> - talent turned back to Human (Players: 10/32)
L 01/28/2026 - 16:24:50: ADMIN talent <STEAM_ID_LAN><loopback> - DarkWarrior turned into a Zombie (Players: 10/32)
L 01/28/2026 - 16:24:50: ADMIN talent <STEAM_ID_LAN><loopback> - articwolf turned into a Zombie (Players: 10/32)
L 01/28/2026 - 16:24:51: ADMIN talent <STEAM_ID_LAN><loopback> - The BiG SMUT turned into a Zombie (Players: 10/32)
L 01/28/2026 - 16:24:51: ADMIN talent <STEAM_ID_LAN><loopback> - Mushlafa turned into a Zombie (Players: 10/32)
L 01/28/2026 - 16:43:42: ADMIN talent <STEAM_ID_LAN><loopback> - DarkWarrior turned into a Zombie (Players: 10/32)
L 01/28/2026 - 16:47:09: ADMIN talent <STEAM_ID_LAN><loopback> - DarkWarrior turned into a Zombie (Players: 10/32)
L 01/28/2026 - 16:51:07: ADMIN talent <STEAM_ID_LAN><loopback> - DarkWarrior turned into a Zombie (Players: 10/32)
L 01/28/2026 - 16:51:07: ADMIN talent <STEAM_ID_LAN><loopback> - articwolf turned into a Zombie (Players: 10/32)
L 01/28/2026 - 21:25:21: ADMIN talent <STEAM_ID_LAN><loopback> - talent turned into a Zombie (Players: 1/32)
L 01/28/2026 - 21:25:29: ADMIN talent <STEAM_ID_LAN><loopback> - Anthology turned into a Zombie (Players: 10/32)
L 01/28/2026 - 21:26:12: ADMIN talent <STEAM_ID_LAN><loopback> - Anthology turned into a Zombie (Players: 10/32)
L 01/28/2026 - 21:26:43: ADMIN talent <STEAM_ID_LAN><loopback> - [Saber]Psycho turned into a Zombie (Players: 10/32)
L 01/28/2026 - 21:27:27: ADMIN talent <STEAM_ID_LAN><loopback> - thesofafox turned into a Zombie (Players: 10/32)
L 01/28/2026 - 21:29:15: ADMIN talent <STEAM_ID_LAN><loopback> - -CARDIAC- turned into a Zombie (Players: 10/32)
L 01/28/2026 - 21:44:11: ADMIN talent <STEAM_ID_LAN><loopback> - talent turned into a Zombie (Players: 10/32)
L 01/28/2026 - 21:45:29: ADMIN talent <STEAM_ID_LAN><loopback> - talent turned into a Zombie (Players: 10/32)
L 01/28/2026 - 21:46:40: ADMIN talent <STEAM_ID_LAN><loopback> - talent turned into a Zombie (Players: 10/32)
L 01/28/2026 - 21:48:49: ADMIN talent <STEAM_ID_LAN><loopback> - talent turned into a Zombie (Players: 1/32)
L 01/28/2026 - 21:48:56: ADMIN talent <STEAM_ID_LAN><loopback> - talent turned into a Zombie (Players: 10/32)
L 01/28/2026 - 21:49:03: ADMIN talent <STEAM_ID_LAN><loopback> - Anthology turned into a Zombie (Players: 10/32)
L 01/28/2026 - 21:49:03: ADMIN talent <STEAM_ID_LAN><loopback> - alldritc turned into a Zombie (Players: 10/32)
L 01/28/2026 - 21:49:03: ADMIN talent <STEAM_ID_LAN><loopback> - talent turned back to Human (Players: 10/32)
L 01/28/2026 - 21:49:04: ADMIN talent <STEAM_ID_LAN><loopback> - talent turned into a Zombie (Players: 10/32)
L 01/28/2026 - 21:49:05: ADMIN talent <STEAM_ID_LAN><loopback> - talent turned back to Human (Players: 10/32)
L 01/28/2026 - 21:49:06: ADMIN talent <STEAM_ID_LAN><loopback> - talent turned into a Zombie (Players: 10/32)
L 01/28/2026 - 21:49:53: ADMIN talent <STEAM_ID_LAN><loopback> - talent respawned (Players: 10/32)
L 01/28/2026 - 21:49:55: ADMIN talent <STEAM_ID_LAN><loopback> - talent turned into a Zombie (Players: 10/32)
L 01/28/2026 - 21:52:03: ADMIN talent <STEAM_ID_LAN><loopback> - talent turned into a Zombie (Players: 10/32)
L 01/28/2026 - 21:52:38: ADMIN talent <STEAM_ID_LAN><loopback> - Anthology turned into a Zombie (Players: 10/32)
L 01/28/2026 - 21:52:38: ADMIN talent <STEAM_ID_LAN><loopback> - alldritc turned into a Zombie (Players: 10/32)
L 01/28/2026 - 21:52:39: ADMIN talent <STEAM_ID_LAN><loopback> - bjaren turned into a Zombie (Players: 10/32)
L 01/28/2026 - 21:52:39: ADMIN talent <STEAM_ID_LAN><loopback> - Ronin Marmot turned into a Zombie (Players: 10/32)
L 01/28/2026 - 21:52:39: ADMIN talent <STEAM_ID_LAN><loopback> - talent turned back to Human (Players: 10/32)
L 01/28/2026 - 21:52:40: ADMIN talent <STEAM_ID_LAN><loopback> - talent turned into a Zombie (Players: 10/32)
L 01/28/2026 - 21:54:12: ADMIN talent <STEAM_ID_LAN><loopback> - talent turned into a Zombie (Players: 1/32)
L 01/28/2026 - 21:54:18: ADMIN talent <STEAM_ID_LAN><loopback> - talent turned into a Zombie (Players: 10/32)
L 01/28/2026 - 21:54:26: ADMIN talent <STEAM_ID_LAN><loopback> - Anthology turned into a Zombie (Players: 10/32)
L 01/28/2026 - 21:54:26: ADMIN talent <STEAM_ID_LAN><loopback> - alldritc turned into a Zombie (Players: 10/32)
L 01/28/2026 - 21:54:26: ADMIN talent <STEAM_ID_LAN><loopback> - bjaren turned into a Zombie (Players: 10/32)
L 01/28/2026 - 21:54:27: ADMIN talent <STEAM_ID_LAN><loopback> - Ronin Marmot turned into a Zombie (Players: 10/32)
L 01/28/2026 - 21:54:27: ADMIN talent <STEAM_ID_LAN><loopback> - joem91606 turned into a Zombie (Players: 10/32)
L 01/28/2026 - 21:54:28: ADMIN talent <STEAM_ID_LAN><loopback> - Nikolai turned into a Zombie (Players: 10/32)
L 01/28/2026 - 21:54:29: ADMIN talent <STEAM_ID_LAN><loopback> - Anthology turned back to Human (Players: 10/32)
L 01/28/2026 - 21:54:29: ADMIN talent <STEAM_ID_LAN><loopback> - alldritc turned back to Human (Players: 10/32)
L 01/28/2026 - 21:54:30: ADMIN talent <STEAM_ID_LAN><loopback> - Anthology turned into a Zombie (Players: 10/32)
L 01/28/2026 - 21:54:31: ADMIN talent <STEAM_ID_LAN><loopback> - alldritc turned into a Zombie (Players: 10/32)
L 01/28/2026 - 21:54:31: ADMIN talent <STEAM_ID_LAN><loopback> - Anthology turned back to Human (Players: 10/32)
L 01/28/2026 - 21:54:32: ADMIN talent <STEAM_ID_LAN><loopback> - alldritc turned back to Human (Players: 10/32)
L 01/28/2026 - 21:54:32: ADMIN talent <STEAM_ID_LAN><loopback> - Anthology turned into a Zombie (Players: 10/32)
L 01/28/2026 - 21:54:33: ADMIN talent <STEAM_ID_LAN><loopback> - alldritc turned into a Zombie (Players: 10/32)
L 01/28/2026 - 21:55:03: ADMIN talent <STEAM_ID_LAN><loopback> - talent turned into a Zombie (Players: 10/32)
L 01/28/2026 - 21:55:04: ADMIN talent <STEAM_ID_LAN><loopback> - Anthology turned into a Zombie (Players: 10/32)
L 01/28/2026 - 21:55:05: ADMIN talent <STEAM_ID_LAN><loopback> - alldritc turned into a Zombie (Players: 10/32)
L 01/28/2026 - 21:55:05: ADMIN talent <STEAM_ID_LAN><loopback> - bjaren turned into a Zombie (Players: 10/32)
L 01/28/2026 - 21:55:05: ADMIN talent <STEAM_ID_LAN><loopback> - Ronin Marmot turned into a Zombie (Players: 10/32)
L 01/28/2026 - 21:57:28: ADMIN talent <STEAM_ID_LAN><loopback> - Anthology turned into a Zombie (Players: 10/32)
L 01/28/2026 - 21:57:29: ADMIN talent <STEAM_ID_LAN><loopback> - alldritc turned into a Zombie (Players: 10/32)
L 01/28/2026 - 21:57:29: ADMIN talent <STEAM_ID_LAN><loopback> - bjaren turned into a Zombie (Players: 10/32)
L 01/28/2026 - 21:57:29: ADMIN talent <STEAM_ID_LAN><loopback> - Ronin Marmot turned into a Zombie (Players: 10/32)
L 01/28/2026 - 21:57:29: ADMIN talent <STEAM_ID_LAN><loopback> - joem91606 turned into a Zombie (Players: 10/32)
L 01/28/2026 - 22:00:38: ADMIN talent <STEAM_ID_LAN><loopback> - talent turned into a Zombie (Players: 1/32)
L 01/28/2026 - 22:00:46: ADMIN talent <STEAM_ID_LAN><loopback> - talent turned into a Zombie (Players: 10/32)
L 01/28/2026 - 22:01:51: ADMIN talent <STEAM_ID_LAN><loopback> - talent turned into a Zombie (Players: 1/32)
L 01/28/2026 - 22:10:59: ADMIN talent <STEAM_ID_LAN><loopback> - talent turned into a Zombie (Players: 10/32)
L 01/28/2026 - 22:13:16: ADMIN talent <STEAM_ID_LAN><loopback> - talent turned into a Zombie (Players: 1/32)
L 01/28/2026 - 22:13:22: ADMIN talent <STEAM_ID_LAN><loopback> - talent turned into a Zombie (Players: 10/32)
L 01/28/2026 - 22:15:07: ADMIN talent <STEAM_ID_LAN><loopback> - talent turned into a Zombie (Players: 10/32)
L 01/28/2026 - 22:16:57: ADMIN talent <STEAM_ID_LAN><loopback> - talent turned into a Zombie (Players: 1/32)
L 01/29/2026 - 07:52:12: ADMIN talent <STEAM_ID_LAN><loopback> - talent turned into a Zombie (Players: 10/32)
L 01/29/2026 - 08:14:01: ADMIN talent <STEAM_ID_LAN><loopback> - talent turned into a Zombie (Players: 10/32)
L 01/29/2026 - 08:23:44: ADMIN talent <STEAM_ID_LAN><loopback> - Anthology turned into a Zombie (Players: 10/32)
L 01/29/2026 - 08:23:44: ADMIN talent <STEAM_ID_LAN><loopback> - articwolf turned into a Zombie (Players: 10/32)
L 01/29/2026 - 08:24:57: ADMIN talent <STEAM_ID_LAN><loopback> - talent turned into a Zombie (Players: 10/32)
L 01/29/2026 - 08:39:26: ADMIN talent <STEAM_ID_LAN><loopback> - 8|@@d$h@t turned into a Zombie (Players: 10/32)
L 01/29/2026 - 08:39:26: ADMIN talent <STEAM_ID_LAN><loopback> - Jonny Matrix turned into a Zombie (Players: 10/32)
L 01/29/2026 - 08:39:28: ADMIN talent <STEAM_ID_LAN><loopback> - ultimo101 turned back to Human (Players: 10/32)
L 01/29/2026 - 08:39:28: ADMIN talent <STEAM_ID_LAN><loopback> - ultimo101 turned into a Zombie (Players: 10/32)
L 01/29/2026 - 08:39:29: ADMIN talent <STEAM_ID_LAN><loopback> - INEOIVulture turned into a Zombie (Players: 10/32)
L 01/29/2026 - 08:39:31: ADMIN talent <STEAM_ID_LAN><loopback> - Major turned into a Zombie (Players: 10/32)
L 01/29/2026 - 08:39:33: ADMIN talent <STEAM_ID_LAN><loopback> - 8|@@d$h@t turned back to Human (Players: 10/32)
L 01/29/2026 - 08:39:34: ADMIN talent <STEAM_ID_LAN><loopback> - 8|@@d$h@t turned into a Zombie (Players: 10/32)
L 01/29/2026 - 08:39:36: ADMIN talent <STEAM_ID_LAN><loopback> - Jonny Matrix turned back to Human (Players: 10/32)
L 01/29/2026 - 08:39:36: ADMIN talent <STEAM_ID_LAN><loopback> - Jonny Matrix turned into a Zombie (Players: 10/32)
L 01/29/2026 - 08:39:37: ADMIN talent <STEAM_ID_LAN><loopback> - Jonny Matrix turned back to Human (Players: 10/32)
L 01/29/2026 - 08:39:38: ADMIN talent <STEAM_ID_LAN><loopback> - Jonny Matrix turned into a Zombie (Players: 10/32)
L 01/29/2026 - 08:39:40: ADMIN talent <STEAM_ID_LAN><loopback> - Jonny Matrix turned back to Human (Players: 10/32)
L 01/29/2026 - 08:39:41: ADMIN talent <STEAM_ID_LAN><loopback> - Jonny Matrix turned into a Zombie (Players: 10/32)
L 01/29/2026 - 08:39:46: ADMIN talent <STEAM_ID_LAN><loopback> - 8|@@d$h@t turned back to Human (Players: 10/32)
L 01/29/2026 - 08:39:46: ADMIN talent <STEAM_ID_LAN><loopback> - ultimo101 turned back to Human (Players: 10/32)
L 01/29/2026 - 08:39:46: ADMIN talent <STEAM_ID_LAN><loopback> - phobos turned back to Human (Players: 10/32)
L 01/29/2026 - 08:39:46: ADMIN talent <STEAM_ID_LAN><loopback> - INEOIVulture turned back to Human (Players: 10/32)
L 01/29/2026 - 08:39:47: ADMIN talent <STEAM_ID_LAN><loopback> - INEOIVulture turned into a Zombie (Players: 10/32)
L 01/29/2026 - 08:39:47: ADMIN talent <STEAM_ID_LAN><loopback> - talent turned into a Zombie (Players: 10/32)
L 01/29/2026 - 08:39:51: ADMIN talent <STEAM_ID_LAN><loopback> - talent turned back to Human (Players: 10/32)
L 01/29/2026 - 08:39:51: ADMIN talent <STEAM_ID_LAN><loopback> - talent turned into a Zombie (Players: 10/32)
L 01/29/2026 - 08:40:46: ADMIN talent <STEAM_ID_LAN><loopback> - talent turned into a Zombie (Players: 10/32)
L 01/29/2026 - 08:40:50: ADMIN talent <STEAM_ID_LAN><loopback> - 8|@@d$h@t turned into a Zombie (Players: 10/32)
L 01/29/2026 - 08:40:50: ADMIN talent <STEAM_ID_LAN><loopback> - Jonny Matrix turned into a Zombie (Players: 10/32)
L 01/29/2026 - 08:40:50: ADMIN talent <STEAM_ID_LAN><loopback> - ultimo101 turned into a Zombie (Players: 10/32)
L 01/29/2026 - 08:40:51: ADMIN talent <STEAM_ID_LAN><loopback> - talent turned back to Human (Players: 10/32)
L 01/29/2026 - 08:40:51: ADMIN talent <STEAM_ID_LAN><loopback> - talent turned into a Zombie (Players: 10/32)
L 01/29/2026 - 08:42:43: ADMIN talent <STEAM_ID_LAN><loopback> - talent turned into a Zombie (Players: 10/32)
L 01/29/2026 - 08:42:47: ADMIN talent <STEAM_ID_LAN><loopback> - 8|@@d$h@t turned into a Zombie (Players: 10/32)
L 01/29/2026 - 08:42:48: ADMIN talent <STEAM_ID_LAN><loopback> - Jonny Matrix turned into a Zombie (Players: 10/32)
L 01/29/2026 - 08:42:48: ADMIN talent <STEAM_ID_LAN><loopback> - phobos turned into a Zombie (Players: 10/32)
L 01/29/2026 - 08:42:48: ADMIN talent <STEAM_ID_LAN><loopback> - talent turned back to Human (Players: 10/32)
L 01/29/2026 - 08:42:49: ADMIN talent <STEAM_ID_LAN><loopback> - talent turned into a Zombie (Players: 10/32)
L 01/29/2026 - 08:44:39: ADMIN talent <STEAM_ID_LAN><loopback> - talent turned into a Zombie (Players: 10/32)
L 01/29/2026 - 08:44:43: ADMIN talent <STEAM_ID_LAN><loopback> - 8|@@d$h@t turned into a Zombie (Players: 10/32)
L 01/29/2026 - 08:44:43: ADMIN talent <STEAM_ID_LAN><loopback> - Jonny Matrix turned into a Zombie (Players: 10/32)
L 01/29/2026 - 08:44:43: ADMIN talent <STEAM_ID_LAN><loopback> - ultimo101 turned into a Zombie (Players: 10/32)
L 01/29/2026 - 08:44:47: ADMIN talent <STEAM_ID_LAN><loopback> - talent turned back to Human (Players: 10/32)
L 01/29/2026 - 08:44:48: ADMIN talent <STEAM_ID_LAN><loopback> - talent turned into a Zombie (Players: 10/32)
L 01/29/2026 - 08:45:06: ADMIN talent <STEAM_ID_LAN><loopback> - talent turned back to Human (Players: 10/32)
L 01/29/2026 - 08:45:07: ADMIN talent <STEAM_ID_LAN><loopback> - talent turned into a Zombie (Players: 10/32)
L 01/29/2026 - 08:45:54: ADMIN talent <STEAM_ID_LAN><loopback> - talent turned into a Zombie (Players: 10/32)
L 01/29/2026 - 08:47:30: ADMIN talent <STEAM_ID_LAN><loopback> - talent turned into a Zombie (Players: 10/32)
L 01/29/2026 - 08:47:35: ADMIN talent <STEAM_ID_LAN><loopback> - 8|@@d$h@t turned into a Zombie (Players: 10/32)
L 01/29/2026 - 08:47:35: ADMIN talent <STEAM_ID_LAN><loopback> - Jonny Matrix turned into a Zombie (Players: 10/32)
L 01/29/2026 - 08:47:35: ADMIN talent <STEAM_ID_LAN><loopback> - ultimo101 turned into a Zombie (Players: 10/32)
L 01/29/2026 - 08:47:35: ADMIN talent <STEAM_ID_LAN><loopback> - phobos turned into a Zombie (Players: 10/32)
L 01/29/2026 - 08:47:36: ADMIN talent <STEAM_ID_LAN><loopback> - talent turned back to Human (Players: 10/32)
L 01/29/2026 - 08:47:37: ADMIN talent <STEAM_ID_LAN><loopback> - talent turned into a Zombie (Players: 10/32)
L 01/29/2026 - 08:49:35: ADMIN talent <STEAM_ID_LAN><loopback> - 8|@@d$h@t turned into a Zombie (Players: 10/32)
L 01/29/2026 - 08:49:35: ADMIN talent <STEAM_ID_LAN><loopback> - Jonny Matrix turned into a Zombie (Players: 10/32)
L 01/29/2026 - 08:49:35: ADMIN talent <STEAM_ID_LAN><loopback> - ultimo101 turned into a Zombie (Players: 10/32)
L 01/29/2026 - 08:49:36: ADMIN talent <STEAM_ID_LAN><loopback> - talent turned into a Zombie (Players: 10/32)
L 01/29/2026 - 08:52:04: ADMIN talent <STEAM_ID_LAN><loopback> - talent turned into a Zombie (Players: 10/32)
L 01/29/2026 - 08:52:08: ADMIN talent <STEAM_ID_LAN><loopback> - 8|@@d$h@t turned into a Zombie (Players: 10/32)
L 01/29/2026 - 08:52:08: ADMIN talent <STEAM_ID_LAN><loopback> - Jonny Matrix turned into a Zombie (Players: 10/32)
L 01/29/2026 - 08:52:09: ADMIN talent <STEAM_ID_LAN><loopback> - phobos turned into a Zombie (Players: 10/32)
L 01/29/2026 - 08:52:09: ADMIN talent <STEAM_ID_LAN><loopback> - ultimo101 turned into a Zombie (Players: 10/32)
L 01/29/2026 - 08:52:09: ADMIN talent <STEAM_ID_LAN><loopback> - phobos turned back to Human (Players: 10/32)
L 01/29/2026 - 08:52:09: ADMIN talent <STEAM_ID_LAN><loopback> - talent turned back to Human (Players: 10/32)
L 01/29/2026 - 08:52:10: ADMIN talent <STEAM_ID_LAN><loopback> - talent turned into a Zombie (Players: 10/32)
L 01/29/2026 - 08:54:27: ADMIN talent <STEAM_ID_LAN><loopback> - talent turned into a Zombie (Players: 1/32)
L 01/29/2026 - 08:56:40: ADMIN talent <STEAM_ID_LAN><loopback> - talent turned into a Zombie (Players: 10/32)
L 01/29/2026 - 08:56:44: ADMIN talent <STEAM_ID_LAN><loopback> - 8|@@d$h@t turned into a Zombie (Players: 10/32)
L 01/29/2026 - 08:56:45: ADMIN talent <STEAM_ID_LAN><loopback> - Jonny Matrix turned into a Zombie (Players: 10/32)
L 01/29/2026 - 08:56:45: ADMIN talent <STEAM_ID_LAN><loopback> - ultimo101 turned into a Zombie (Players: 10/32)
L 01/29/2026 - 08:56:45: ADMIN talent <STEAM_ID_LAN><loopback> - phobos turned into a Zombie (Players: 10/32)
L 01/29/2026 - 08:56:45: ADMIN talent <STEAM_ID_LAN><loopback> - talent turned back to Human (Players: 10/32)
L 01/29/2026 - 08:56:46: ADMIN talent <STEAM_ID_LAN><loopback> - talent turned into a Zombie (Players: 10/32)
L 01/29/2026 - 08:56:51: ADMIN talent <STEAM_ID_LAN><loopback> - 8|@@d$h@t turned back to Human (Players: 10/32)
L 01/29/2026 - 08:56:51: ADMIN talent <STEAM_ID_LAN><loopback> - Jonny Matrix turned back to Human (Players: 10/32)
L 01/29/2026 - 08:56:51: ADMIN talent <STEAM_ID_LAN><loopback> - talent turned back to Human (Players: 10/32)
L 01/29/2026 - 08:56:52: ADMIN talent <STEAM_ID_LAN><loopback> - talent turned into a Zombie (Players: 10/32)
L 01/29/2026 - 08:56:54: ADMIN talent <STEAM_ID_LAN><loopback> - 8|@@d$h@t turned into a Zombie (Players: 10/32)
L 01/29/2026 - 08:56:54: ADMIN talent <STEAM_ID_LAN><loopback> - Jonny Matrix turned into a Zombie (Players: 10/32)
L 01/29/2026 - 08:56:55: ADMIN talent <STEAM_ID_LAN><loopback> - phobos turned back to Human (Players: 10/32)
L 01/29/2026 - 08:56:55: ADMIN talent <STEAM_ID_LAN><loopback> - talent turned back to Human (Players: 10/32)
L 01/29/2026 - 08:56:56: ADMIN talent <STEAM_ID_LAN><loopback> - talent turned into a Zombie (Players: 10/32)
L 01/29/2026 - 08:58:43: ADMIN talent <STEAM_ID_LAN><loopback> - 8|@@d$h@t turned into a Zombie (Players: 10/32)
L 01/29/2026 - 08:58:43: ADMIN talent <STEAM_ID_LAN><loopback> - Jonny Matrix turned into a Zombie (Players: 10/32)
L 01/29/2026 - 08:58:44: ADMIN talent <STEAM_ID_LAN><loopback> - talent turned into a Zombie (Players: 10/32)
L 01/29/2026 - 08:59:46: ADMIN talent <STEAM_ID_LAN><loopback> - talent turned into a Zombie (Players: 1/32)
L 01/29/2026 - 08:59:54: ADMIN talent <STEAM_ID_LAN><loopback> - talent turned into a Zombie (Players: 10/32)
L 01/29/2026 - 08:59:59: ADMIN talent <STEAM_ID_LAN><loopback> - 8|@@d$h@t turned into a Zombie (Players: 10/32)
L 01/29/2026 - 08:59:59: ADMIN talent <STEAM_ID_LAN><loopback> - Jonny Matrix turned into a Zombie (Players: 10/32)
L 01/29/2026 - 08:59:59: ADMIN talent <STEAM_ID_LAN><loopback> - ultimo101 turned into a Zombie (Players: 10/32)
L 01/29/2026 - 09:00:00: ADMIN talent <STEAM_ID_LAN><loopback> - talent turned back to Human (Players: 10/32)
L 01/29/2026 - 09:00:01: ADMIN talent <STEAM_ID_LAN><loopback> - talent turned into a Zombie (Players: 10/32)
L 01/29/2026 - 09:00:05: ADMIN talent <STEAM_ID_LAN><loopback> - 8|@@d$h@t turned back to Human (Players: 10/32)
L 01/29/2026 - 09:00:05: ADMIN talent <STEAM_ID_LAN><loopback> - Jonny Matrix turned back to Human (Players: 10/32)
L 01/29/2026 - 09:00:05: ADMIN talent <STEAM_ID_LAN><loopback> - ultimo101 turned back to Human (Players: 10/32)
L 01/29/2026 - 09:00:06: ADMIN talent <STEAM_ID_LAN><loopback> - INEOIVulture turned into a Zombie (Players: 10/32)
L 01/29/2026 - 09:00:06: ADMIN talent <STEAM_ID_LAN><loopback> - phobos turned into a Zombie (Players: 10/32)
L 01/29/2026 - 09:00:06: ADMIN talent <STEAM_ID_LAN><loopback> - talent turned back to Human (Players: 10/32)
L 01/29/2026 - 09:00:08: ADMIN talent <STEAM_ID_LAN><loopback> - talent turned into a Zombie (Players: 10/32)
L 01/29/2026 - 09:00:15: ADMIN talent <STEAM_ID_LAN><loopback> - 8|@@d$h@t turned into a Zombie (Players: 10/32)
L 01/29/2026 - 09:00:15: ADMIN talent <STEAM_ID_LAN><loopback> - Jonny Matrix turned into a Zombie (Players: 10/32)
L 01/29/2026 - 09:00:16: ADMIN talent <STEAM_ID_LAN><loopback> - talent turned back to Human (Players: 10/32)
L 01/29/2026 - 09:00:20: ADMIN talent <STEAM_ID_LAN><loopback> - talent turned into a Zombie (Players: 10/32)
L 01/29/2026 - 09:00:25: ADMIN talent <STEAM_ID_LAN><loopback> - 8|@@d$h@t turned back to Human (Players: 10/32)
L 01/29/2026 - 09:00:25: ADMIN talent <STEAM_ID_LAN><loopback> - Jonny Matrix turned back to Human (Players: 10/32)
L 01/29/2026 - 09:00:26: ADMIN talent <STEAM_ID_LAN><loopback> - talent turned back to Human (Players: 10/32)
L 01/29/2026 - 09:00:28: ADMIN talent <STEAM_ID_LAN><loopback> - talent turned into a Zombie (Players: 10/32)
L 01/29/2026 - 09:00:28: ADMIN talent <STEAM_ID_LAN><loopback> - talent turned back to Human (Players: 10/32)
L 01/29/2026 - 09:00:29: ADMIN talent <STEAM_ID_LAN><loopback> - talent turned into a Zombie (Players: 10/32)
L 01/29/2026 - 09:00:37: ADMIN talent <STEAM_ID_LAN><loopback> - 8|@@d$h@t turned into a Zombie (Players: 10/32)
L 01/29/2026 - 09:00:37: ADMIN talent <STEAM_ID_LAN><loopback> - Jonny Matrix turned into a Zombie (Players: 10/32)
L 01/29/2026 - 09:00:37: ADMIN talent <STEAM_ID_LAN><loopback> - talent turned back to Human (Players: 10/32)
L 01/29/2026 - 09:00:38: ADMIN talent <STEAM_ID_LAN><loopback> - talent turned into a Zombie (Players: 10/32)
L 01/29/2026 - 09:14:51: ADMIN talent <STEAM_ID_LAN><loopback> - 8|@@d$h@t turned into a Zombie (Players: 10/32)
L 01/29/2026 - 09:14:51: ADMIN talent <STEAM_ID_LAN><loopback> - Jonny Matrix turned into a Zombie (Players: 10/32)
L 01/29/2026 - 09:14:51: ADMIN talent <STEAM_ID_LAN><loopback> - ultimo101 turned into a Zombie (Players: 10/32)
L 01/29/2026 - 09:16:42: ADMIN talent <STEAM_ID_LAN><loopback> - 8|@@d$h@t turned into a Zombie (Players: 10/32)
L 01/29/2026 - 09:16:43: ADMIN talent <STEAM_ID_LAN><loopback> - Jonny Matrix turned into a Zombie (Players: 10/32)
L 01/29/2026 - 09:16:43: ADMIN talent <STEAM_ID_LAN><loopback> - ultimo101 turned into a Zombie (Players: 10/32)
L 01/29/2026 - 09:16:43: ADMIN talent <STEAM_ID_LAN><loopback> - phobos turned into a Zombie (Players: 10/32)
L 01/29/2026 - 09:17:50: ADMIN talent <STEAM_ID_LAN><loopback> - 8|@@d$h@t turned into a Zombie (Players: 10/32)
L 01/29/2026 - 09:17:50: ADMIN talent <STEAM_ID_LAN><loopback> - Jonny Matrix turned into a Zombie (Players: 10/32)
L 01/29/2026 - 09:17:51: ADMIN talent <STEAM_ID_LAN><loopback> - ultimo101 turned into a Zombie (Players: 10/32)
L 01/29/2026 - 09:17:51: ADMIN talent <STEAM_ID_LAN><loopback> - phobos turned into a Zombie (Players: 10/32)
L 01/29/2026 - 09:17:51: ADMIN talent <STEAM_ID_LAN><loopback> - INEOIVulture turned into a Zombie (Players: 10/32)
L 01/29/2026 - 09:32:11: ADMIN talent <STEAM_ID_LAN><loopback> - 8|@@d$h@t turned into a Zombie (Players: 10/32)
L 01/29/2026 - 09:32:11: ADMIN talent <STEAM_ID_LAN><loopback> - Jonny Matrix turned into a Zombie (Players: 10/32)
L 01/29/2026 - 09:32:12: ADMIN talent <STEAM_ID_LAN><loopback> - ultimo101 turned into a Zombie (Players: 10/32)
L 01/29/2026 - 09:32:12: ADMIN talent <STEAM_ID_LAN><loopback> - phobos turned into a Zombie (Players: 10/32)
L 01/29/2026 - 09:32:12: ADMIN talent <STEAM_ID_LAN><loopback> - INEOIVulture turned into a Zombie (Players: 10/32)
L 01/29/2026 - 09:32:12: ADMIN talent <STEAM_ID_LAN><loopback> - Major turned into a Zombie (Players: 10/32)
L 01/29/2026 - 10:29:42: ADMIN talent <STEAM_ID_LAN><loopback> - Anthology turned into a Zombie (Players: 10/32)
L 01/29/2026 - 10:29:42: ADMIN talent <STEAM_ID_LAN><loopback> - articwolf turned into a Zombie (Players: 10/32)
L 01/29/2026 - 10:29:43: ADMIN talent <STEAM_ID_LAN><loopback> - Dori turned into a Zombie (Players: 10/32)
L 01/29/2026 - 10:29:43: ADMIN talent <STEAM_ID_LAN><loopback> - {NoV}Fishbulb turned into a Zombie (Players: 10/32)
L 01/29/2026 - 10:29:43: ADMIN talent <STEAM_ID_LAN><loopback> - talent turned into a Zombie (Players: 10/32)
L 01/29/2026 - 10:30:17: ADMIN talent <STEAM_ID_LAN><loopback> - talent turned into a Zombie (Players: 1/32)
L 01/29/2026 - 10:30:25: ADMIN talent <STEAM_ID_LAN><loopback> - Anthology turned into a Zombie (Players: 10/32)
L 01/29/2026 - 10:30:25: ADMIN talent <STEAM_ID_LAN><loopback> - articwolf turned into a Zombie (Players: 10/32)
L 01/29/2026 - 10:30:26: ADMIN talent <STEAM_ID_LAN><loopback> - talent turned into a Zombie (Players: 10/32)
L 01/29/2026 - 10:30:47: ADMIN talent <STEAM_ID_LAN><loopback> - Anthology turned into a Zombie (Players: 10/32)
L 01/29/2026 - 10:30:47: ADMIN talent <STEAM_ID_LAN><loopback> - articwolf turned into a Zombie (Players: 10/32)
L 01/29/2026 - 10:30:47: ADMIN talent <STEAM_ID_LAN><loopback> - Dori turned into a Zombie (Players: 10/32)
L 01/29/2026 - 10:30:47: ADMIN talent <STEAM_ID_LAN><loopback> - {NoV}Fishbulb turned into a Zombie (Players: 10/32)
L 01/29/2026 - 10:30:48: ADMIN talent <STEAM_ID_LAN><loopback> - talent turned into a Zombie (Players: 10/32)
L 01/29/2026 - 10:40:33: ADMIN talent <STEAM_ID_LAN><loopback> - Anthology turned back to Human (Players: 10/32)
L 01/29/2026 - 10:40:33: ADMIN talent <STEAM_ID_LAN><loopback> - articwolf turned into a Zombie (Players: 10/32)
L 01/29/2026 - 10:40:34: ADMIN talent <STEAM_ID_LAN><loopback> - articwolf turned back to Human (Players: 10/32)
L 01/29/2026 - 10:40:34: ADMIN talent <STEAM_ID_LAN><loopback> - Dori turned back to Human (Players: 10/32)
L 01/29/2026 - 10:40:34: ADMIN talent <STEAM_ID_LAN><loopback> - talent turned back to Human (Players: 10/32)
L 01/29/2026 - 10:40:35: ADMIN talent <STEAM_ID_LAN><loopback> - talent turned into a Zombie (Players: 10/32)
L 01/29/2026 - 11:26:45: ADMIN talent <STEAM_ID_LAN><loopback> - xUTxJackFrost turned into a Zombie (Players: 10/32)
L 01/29/2026 - 11:26:45: ADMIN talent <STEAM_ID_LAN><loopback> - Anthology turned into a Zombie (Players: 10/32)
L 01/29/2026 - 11:26:45: ADMIN talent <STEAM_ID_LAN><loopback> - pyr0` turned into a Zombie (Players: 10/32)
L 01/29/2026 - 11:26:45: ADMIN talent <STEAM_ID_LAN><loopback> - INEOIVulture turned into a Zombie (Players: 10/32)
L 01/29/2026 - 11:32:12: ADMIN talent <STEAM_ID_LAN><loopback> - xUTxJackFrost turned back to Human (Players: 10/32)
L 01/29/2026 - 11:32:12: ADMIN talent <STEAM_ID_LAN><loopback> - Anthology turned back to Human (Players: 10/32)
L 01/29/2026 - 11:32:12: ADMIN talent <STEAM_ID_LAN><loopback> - INEOIVulture turned back to Human (Players: 10/32)
L 01/29/2026 - 11:32:12: ADMIN talent <STEAM_ID_LAN><loopback> - talent turned back to Human (Players: 10/32)
L 01/29/2026 - 11:36:01: ADMIN talent <STEAM_ID_LAN><loopback> - xUTxJackFrost turned into a Zombie (Players: 10/32)
L 01/29/2026 - 11:36:02: ADMIN talent <STEAM_ID_LAN><loopback> - Anthology turned into a Zombie (Players: 10/32)
L 01/29/2026 - 11:36:02: ADMIN talent <STEAM_ID_LAN><loopback> - pyr0` turned into a Zombie (Players: 10/32)
L 01/29/2026 - 11:36:02: ADMIN talent <STEAM_ID_LAN><loopback> - INEOIVulture turned into a Zombie (Players: 10/32)
L 01/29/2026 - 11:42:59: ADMIN talent <STEAM_ID_LAN><loopback> - xUTxJackFrost turned into a Zombie (Players: 10/32)
L 01/29/2026 - 11:42:59: ADMIN talent <STEAM_ID_LAN><loopback> - Anthology turned into a Zombie (Players: 10/32)
L 01/29/2026 - 11:43:00: ADMIN talent <STEAM_ID_LAN><loopback> - pyr0` turned into a Zombie (Players: 10/32)
L 01/29/2026 - 11:43:00: ADMIN talent <STEAM_ID_LAN><loopback> - INEOIVulture turned into a Zombie (Players: 10/32)
L 01/29/2026 - 11:43:00: ADMIN talent <STEAM_ID_LAN><loopback> - blueguile turned into a Zombie (Players: 10/32)
L 01/29/2026 - 11:43:00: ADMIN talent <STEAM_ID_LAN><loopback> - Counter123 turned into a Zombie (Players: 10/32)
L 01/29/2026 - 11:53:44: ADMIN talent <STEAM_ID_LAN><loopback> - talent turned into a Survivor (Players: 10/32)
L 01/29/2026 - 12:25:48: ADMIN talent <STEAM_ID_LAN><loopback> - INEOIVulture turned into a Zombie (Players: 10/32)
L 01/29/2026 - 12:25:49: ADMIN talent <STEAM_ID_LAN><loopback> - tHeCh0sEn0nE turned into a Zombie (Players: 10/32)
L 01/29/2026 - 12:30:30: ADMIN talent <STEAM_ID_LAN><loopback> - Fat Matt turned into a Zombie (Players: 10/32)
L 01/29/2026 - 12:30:31: ADMIN talent <STEAM_ID_LAN><loopback> - wiggles turned into a Zombie (Players: 10/32)
L 01/29/2026 - 12:30:31: ADMIN talent <STEAM_ID_LAN><loopback> - tHeCh0sEn0nE turned into a Zombie (Players: 10/32)
L 01/29/2026 - 12:32:53: ADMIN talent <STEAM_ID_LAN><loopback> - xUTxJackFrost turned into a Zombie (Players: 10/32)
L 01/29/2026 - 12:32:53: ADMIN talent <STEAM_ID_LAN><loopback> - Anthology turned into a Zombie (Players: 10/32)
L 01/29/2026 - 12:32:53: ADMIN talent <STEAM_ID_LAN><loopback> - pyr0` turned into a Zombie (Players: 10/32)
L 01/29/2026 - 12:32:53: ADMIN talent <STEAM_ID_LAN><loopback> - INEOIVulture turned into a Zombie (Players: 10/32)
L 01/29/2026 - 12:33:12: ADMIN talent <STEAM_ID_LAN><loopback> - Fat Matt turned into a Nemesis (Players: 10/32)
L 01/29/2026 - 12:34:59: ADMIN talent <STEAM_ID_LAN><loopback> - xUTxJackFrost turned into a Zombie (Players: 10/32)
L 01/29/2026 - 12:34:59: ADMIN talent <STEAM_ID_LAN><loopback> - Anthology turned into a Zombie (Players: 10/32)
L 01/29/2026 - 12:34:59: ADMIN talent <STEAM_ID_LAN><loopback> - pyr0` turned into a Zombie (Players: 10/32)
L 01/29/2026 - 12:35:06: ADMIN talent <STEAM_ID_LAN><loopback> - Fat Matt turned into a Nemesis (Players: 10/32)
L 01/29/2026 - 12:38:01: ADMIN talent <STEAM_ID_LAN><loopback> - hoop turned into a Zombie (Players: 10/32)
L 01/29/2026 - 12:38:01: ADMIN talent <STEAM_ID_LAN><loopback> - Anthology turned into a Zombie (Players: 10/32)
L 01/29/2026 - 12:38:01: ADMIN talent <STEAM_ID_LAN><loopback> - shooterman turned into a Zombie (Players: 10/32)
L 01/29/2026 - 12:38:02: ADMIN talent <STEAM_ID_LAN><loopback> - The Muffin Man turned into a Zombie (Players: 10/32)
L 01/29/2026 - 12:38:04: ADMIN talent <STEAM_ID_LAN><loopback> - -=Sh0rTy=- turned into a Zombie (Players: 10/32)
L 01/29/2026 - 12:40:32: ADMIN talent <STEAM_ID_LAN><loopback> - BHSbballer15 turned back to Human (Players: 10/32)
L 01/29/2026 - 12:40:32: ADMIN talent <STEAM_ID_LAN><loopback> - Brandon turned back to Human (Players: 10/32)
L 01/29/2026 - 12:40:32: ADMIN talent <STEAM_ID_LAN><loopback> - Ronin Marmot turned into a Zombie (Players: 10/32)
L 01/29/2026 - 12:40:33: ADMIN talent <STEAM_ID_LAN><loopback> - vampiress turned back to Human (Players: 10/32)
L 01/29/2026 - 12:40:33: ADMIN talent <STEAM_ID_LAN><loopback> - phobos turned back to Human (Players: 10/32)
L 01/29/2026 - 12:40:34: ADMIN talent <STEAM_ID_LAN><loopback> - Brandon turned into a Zombie (Players: 10/32)
L 01/29/2026 - 12:40:36: ADMIN talent <STEAM_ID_LAN><loopback> - talent turned back to Human (Players: 10/32)
L 01/29/2026 - 12:40:38: ADMIN talent <STEAM_ID_LAN><loopback> - BHSbballer15 turned into a Zombie (Players: 10/32)
L 01/29/2026 - 12:40:39: ADMIN talent <STEAM_ID_LAN><loopback> - BHSbballer15 turned back to Human (Players: 10/32)
L 01/29/2026 - 12:40:40: ADMIN talent <STEAM_ID_LAN><loopback> - talent turned into a Zombie (Players: 10/32)
L 01/29/2026 - 12:40:50: ADMIN talent <STEAM_ID_LAN><loopback> - Ronin Marmot turned back to Human (Players: 10/32)
L 01/29/2026 - 12:40:51: ADMIN talent <STEAM_ID_LAN><loopback> - Brandon turned back to Human (Players: 10/32)
L 01/29/2026 - 12:40:58: ADMIN talent <STEAM_ID_LAN><loopback> - shooterman turned back to Human (Players: 10/32)
L 01/29/2026 - 12:40:59: ADMIN talent <STEAM_ID_LAN><loopback> - waeldreegia turned back to Human (Players: 10/32)
L 01/29/2026 - 12:40:59: ADMIN talent <STEAM_ID_LAN><loopback> - goat turned back to Human (Players: 10/32)
L 01/29/2026 - 12:40:59: ADMIN talent <STEAM_ID_LAN><loopback> - goat turned into a Zombie (Players: 10/32)
L 01/29/2026 - 12:40:59: ADMIN talent <STEAM_ID_LAN><loopback> - waeldreegia turned into a Zombie (Players: 10/32)
L 01/29/2026 - 12:41:00: ADMIN talent <STEAM_ID_LAN><loopback> - shooterman turned into a Zombie (Players: 10/32)
L 01/29/2026 - 12:41:00: ADMIN talent <STEAM_ID_LAN><loopback> - phobos turned into a Zombie (Players: 10/32)
L 01/29/2026 - 12:41:01: ADMIN talent <STEAM_ID_LAN><loopback> - vampiress turned into a Zombie (Players: 10/32)
L 01/29/2026 - 12:41:01: ADMIN talent <STEAM_ID_LAN><loopback> - Brandon turned into a Zombie (Players: 10/32)
L 01/29/2026 - 12:41:31: ADMIN talent <STEAM_ID_LAN><loopback> - talent turned into a Zombie (Players: 10/32)
L 01/29/2026 - 12:41:50: ADMIN talent <STEAM_ID_LAN><loopback> - BHSbballer15 turned into a Zombie (Players: 10/32)
L 01/29/2026 - 12:41:50: ADMIN talent <STEAM_ID_LAN><loopback> - talent turned back to Human (Players: 10/32)
L 01/29/2026 - 12:47:32: ADMIN talent <STEAM_ID_LAN><loopback> - BHSbballer15 turned into a Zombie (Players: 10/32)
L 01/29/2026 - 12:47:33: ADMIN talent <STEAM_ID_LAN><loopback> - Ronin Marmot turned into a Zombie (Players: 10/32)
L 01/29/2026 - 12:47:33: ADMIN talent <STEAM_ID_LAN><loopback> - Brandon turned into a Zombie (Players: 10/32)
L 01/29/2026 - 12:47:33: ADMIN talent <STEAM_ID_LAN><loopback> - vampiress turned into a Zombie (Players: 10/32)
L 01/29/2026 - 12:47:34: ADMIN talent <STEAM_ID_LAN><loopback> - phobos turned into a Zombie (Players: 10/32)
L 01/29/2026 - 12:48:05: ADMIN talent <STEAM_ID_LAN><loopback> - BHSbballer15 turned into a Zombie (Players: 10/32)
L 01/29/2026 - 12:48:05: ADMIN talent <STEAM_ID_LAN><loopback> - Ronin Marmot turned into a Zombie (Players: 10/32)
L 01/29/2026 - 12:48:05: ADMIN talent <STEAM_ID_LAN><loopback> - Brandon turned into a Zombie (Players: 10/32)
L 01/29/2026 - 12:48:06: ADMIN talent <STEAM_ID_LAN><loopback> - vampiress turned into a Zombie (Players: 10/32)
L 01/29/2026 - 13:10:27: ADMIN talent <STEAM_ID_LAN><loopback> - Anthology turned into a Zombie (Players: 10/32)
L 01/29/2026 - 13:10:28: ADMIN talent <STEAM_ID_LAN><loopback> - pyr0` turned into a Zombie (Players: 10/32)
L 01/29/2026 - 13:20:28: ADMIN talent <STEAM_ID_LAN><loopback> - Slurr turned into a Zombie (Players: 10/32)
L 01/29/2026 - 13:20:28: ADMIN talent <STEAM_ID_LAN><loopback> - funk turned into a Zombie (Players: 10/32)
L 01/29/2026 - 13:20:28: ADMIN talent <STEAM_ID_LAN><loopback> - RaGe turned into a Zombie (Players: 10/32)
L 01/29/2026 - 13:20:29: ADMIN talent <STEAM_ID_LAN><loopback> - vittu turned into a Zombie (Players: 10/32)
L 01/29/2026 - 13:23:42: ADMIN talent <STEAM_ID_LAN><loopback> - Slurr turned into a Zombie (Players: 10/32)
L 01/29/2026 - 13:23:42: ADMIN talent <STEAM_ID_LAN><loopback> - funk turned into a Zombie (Players: 10/32)
L 01/29/2026 - 13:23:42: ADMIN talent <STEAM_ID_LAN><loopback> - RaGe turned into a Zombie (Players: 10/32)
L 01/29/2026 - 13:23:42: ADMIN talent <STEAM_ID_LAN><loopback> - vittu turned into a Zombie (Players: 10/32)
L 01/29/2026 - 13:34:57: ADMIN talent <STEAM_ID_LAN><loopback> - vampiress turned into a Zombie (Players: 10/32)
L 01/29/2026 - 13:34:58: ADMIN talent <STEAM_ID_LAN><loopback> - Savage|420| turned into a Zombie (Players: 10/32)
L 01/29/2026 - 13:34:58: ADMIN talent <STEAM_ID_LAN><loopback> - iamblazed turned into a Zombie (Players: 10/32)
L 01/29/2026 - 13:34:58: ADMIN talent <STEAM_ID_LAN><loopback> - BHSbballer15 turned back to Human (Players: 10/32)
L 01/29/2026 - 13:36:58: ADMIN talent <STEAM_ID_LAN><loopback> - vampiress turned into a Zombie (Players: 10/32)
L 01/29/2026 - 13:36:58: ADMIN talent <STEAM_ID_LAN><loopback> - Savage|420| turned into a Zombie (Players: 10/32)
L 01/29/2026 - 13:36:59: ADMIN talent <STEAM_ID_LAN><loopback> - iamblazed turned into a Zombie (Players: 10/32)
L 01/29/2026 - 13:36:59: ADMIN talent <STEAM_ID_LAN><loopback> - BHSbballer15 turned into a Zombie (Players: 10/32)
L 01/29/2026 - 13:36:59: ADMIN talent <STEAM_ID_LAN><loopback> - phillip_style turned into a Zombie (Players: 10/32)
L 01/29/2026 - 13:36:59: ADMIN talent <STEAM_ID_LAN><loopback> - yoda turned into a Zombie (Players: 10/32)
L 01/29/2026 - 13:46:37: ADMIN talent <STEAM_ID_LAN><loopback> - vampiress turned into a Zombie (Players: 10/32)
L 01/29/2026 - 13:46:37: ADMIN talent <STEAM_ID_LAN><loopback> - Savage|420| turned into a Zombie (Players: 10/32)
L 01/29/2026 - 13:46:37: ADMIN talent <STEAM_ID_LAN><loopback> - iamblazed turned into a Zombie (Players: 10/32)
L 01/29/2026 - 13:46:37: ADMIN talent <STEAM_ID_LAN><loopback> - BHSbballer15 turned into a Zombie (Players: 10/32)
L 01/29/2026 - 13:46:37: ADMIN talent <STEAM_ID_LAN><loopback> - phillip_style turned into a Zombie (Players: 10/32)
L 01/29/2026 - 13:52:59: ADMIN talent <STEAM_ID_LAN><loopback> - talent turned into a Zombie (Players: 10/32)
L 01/29/2026 - 13:53:13: ADMIN talent <STEAM_ID_LAN><loopback> - vampiress turned into a Zombie (Players: 10/32)
L 01/29/2026 - 13:53:13: ADMIN talent <STEAM_ID_LAN><loopback> - Savage|420| turned into a Zombie (Players: 10/32)
L 01/29/2026 - 13:53:13: ADMIN talent <STEAM_ID_LAN><loopback> - iamblazed turned into a Zombie (Players: 10/32)
L 01/29/2026 - 13:53:13: ADMIN talent <STEAM_ID_LAN><loopback> - talent turned back to Human (Players: 10/32)
L 01/29/2026 - 13:53:16: ADMIN talent <STEAM_ID_LAN><loopback> - talent turned into a Zombie (Players: 10/32)
L 01/29/2026 - 13:53:19: ADMIN talent <STEAM_ID_LAN><loopback> - vampiress turned back to Human (Players: 10/32)
L 01/29/2026 - 13:53:19: ADMIN talent <STEAM_ID_LAN><loopback> - Savage|420| turned back to Human (Players: 10/32)
L 01/29/2026 - 13:53:20: ADMIN talent <STEAM_ID_LAN><loopback> - talent turned back to Human (Players: 10/32)
L 01/29/2026 - 13:53:23: ADMIN talent <STEAM_ID_LAN><loopback> - talent turned into a Zombie (Players: 10/32)
L 01/29/2026 - 13:53:55: ADMIN talent <STEAM_ID_LAN><loopback> - talent turned into a Zombie (Players: 10/32)
L 01/29/2026 - 13:55:10: ADMIN talent <STEAM_ID_LAN><loopback> - talent turned into a Zombie (Players: 1/32)
L 01/29/2026 - 13:55:45: ADMIN talent <STEAM_ID_LAN><loopback> - talent turned into a Zombie (Players: 1/32)
L 01/29/2026 - 13:56:33: ADMIN talent <STEAM_ID_LAN><loopback> - talent turned into a Zombie (Players: 1/32)
L 01/29/2026 - 13:56:43: ADMIN talent <STEAM_ID_LAN><loopback> - talent turned into a Zombie (Players: 10/32)
L 01/29/2026 - 14:10:42: ADMIN talent <STEAM_ID_LAN><loopback> - The BiG SMUT turned into a Zombie (Players: 10/32)
L 01/29/2026 - 14:10:42: ADMIN talent <STEAM_ID_LAN><loopback> - blueguile turned into a Zombie (Players: 10/32)
L 01/29/2026 - 14:10:42: ADMIN talent <STEAM_ID_LAN><loopback> - pyr0` turned into a Zombie (Players: 10/32)
L 01/29/2026 - 14:11:36: ADMIN talent <STEAM_ID_LAN><loopback> - The BiG SMUT turned into a Zombie (Players: 10/32)
L 01/29/2026 - 14:11:36: ADMIN talent <STEAM_ID_LAN><loopback> - blueguile turned into a Zombie (Players: 10/32)
L 01/29/2026 - 14:11:36: ADMIN talent <STEAM_ID_LAN><loopback> - pyr0` turned into a Zombie (Players: 10/32)
L 01/29/2026 - 14:11:36: ADMIN talent <STEAM_ID_LAN><loopback> - AfluffyKitten turned into a Zombie (Players: 10/32)
L 01/29/2026 - 14:11:36: ADMIN talent <STEAM_ID_LAN><loopback> - Nihility turned into a Zombie (Players: 10/32)
L 01/29/2026 - 14:14:43: ADMIN talent <STEAM_ID_LAN><loopback> - The BiG SMUT turned into a Zombie (Players: 10/32)
L 01/29/2026 - 14:14:44: ADMIN talent <STEAM_ID_LAN><loopback> - pyr0` turned into a Zombie (Players: 10/32)
L 01/29/2026 - 14:14:44: ADMIN talent <STEAM_ID_LAN><loopback> - AfluffyKitten turned into a Zombie (Players: 10/32)
L 01/29/2026 - 14:14:44: ADMIN talent <STEAM_ID_LAN><loopback> - Nihility turned into a Zombie (Players: 10/32)
L 01/29/2026 - 14:14:44: ADMIN talent <STEAM_ID_LAN><loopback> - Wigger Vampire turned into a Zombie (Players: 10/32)
L 01/29/2026 - 14:16:45: ADMIN talent <STEAM_ID_LAN><loopback> - The BiG SMUT turned into a Zombie (Players: 10/32)
L 01/29/2026 - 14:16:45: ADMIN talent <STEAM_ID_LAN><loopback> - blueguile turned into a Zombie (Players: 10/32)
L 01/29/2026 - 14:16:46: ADMIN talent <STEAM_ID_LAN><loopback> - blueguile turned back to Human (Players: 10/32)
L 01/29/2026 - 14:16:46: ADMIN talent <STEAM_ID_LAN><loopback> - pyr0` turned into a Zombie (Players: 10/32)
L 01/29/2026 - 14:16:46: ADMIN talent <STEAM_ID_LAN><loopback> - AfluffyKitten turned into a Zombie (Players: 10/32)
L 01/29/2026 - 14:16:46: ADMIN talent <STEAM_ID_LAN><loopback> - blueguile turned into a Zombie (Players: 10/32)
L 01/29/2026 - 15:42:40: ADMIN talent <STEAM_ID_LAN><loopback> - ChRoNo turned into a Zombie (Players: 10/32)
L 01/29/2026 - 15:42:40: ADMIN talent <STEAM_ID_LAN><loopback> - pimpjuice turned into a Zombie (Players: 10/32)
L 01/29/2026 - 15:48:36: ADMIN talent <STEAM_ID_LAN><loopback> - talent turned back to Human (Players: 10/32)
L 01/29/2026 - 15:48:37: ADMIN talent <STEAM_ID_LAN><loopback> - talent turned into a Zombie (Players: 10/32)
L 01/29/2026 - 15:48:39: ADMIN talent <STEAM_ID_LAN><loopback> - ChRoNo turned into a Zombie (Players: 10/32)
L 01/29/2026 - 15:48:39: ADMIN talent <STEAM_ID_LAN><loopback> - ChRoNo turned back to Human (Players: 10/32)
L 01/29/2026 - 15:48:39: ADMIN talent <STEAM_ID_LAN><loopback> - pimpjuice turned back to Human (Players: 10/32)
L 01/29/2026 - 15:48:40: ADMIN talent <STEAM_ID_LAN><loopback> - Flying Martini turned into a Zombie (Players: 10/32)
L 01/29/2026 - 15:48:41: ADMIN talent <STEAM_ID_LAN><loopback> - gixsir1000 turned back to Human (Players: 10/32)
L 01/29/2026 - 15:51:47: ADMIN talent <STEAM_ID_LAN><loopback> - ChRoNo turned into a Zombie (Players: 10/32)
L 01/29/2026 - 15:51:47: ADMIN talent <STEAM_ID_LAN><loopback> - pimpjuice turned into a Zombie (Players: 10/32)
L 01/29/2026 - 15:51:48: ADMIN talent <STEAM_ID_LAN><loopback> - (1)Chrono turned into a Zombie (Players: 10/32)
L 01/29/2026 - 15:51:48: ADMIN talent <STEAM_ID_LAN><loopback> - gixsir1000 turned into a Zombie (Players: 10/32)
L 01/29/2026 - 15:55:45: ADMIN talent <STEAM_ID_LAN><loopback> - ChRoNo turned into a Zombie (Players: 10/32)
L 01/29/2026 - 15:55:45: ADMIN talent <STEAM_ID_LAN><loopback> - pimpjuice turned into a Zombie (Players: 10/32)
L 01/29/2026 - 15:55:45: ADMIN talent <STEAM_ID_LAN><loopback> - (1)Chrono turned into a Zombie (Players: 10/32)
L 01/29/2026 - 15:55:46: ADMIN talent <STEAM_ID_LAN><loopback> - talent turned into a Zombie (Players: 10/32)
L 01/29/2026 - 15:55:54: ADMIN talent <STEAM_ID_LAN><loopback> - talent turned into a Nemesis (Players: 10/32)
L 01/29/2026 - 15:57:36: ADMIN talent <STEAM_ID_LAN><loopback> - ChRoNo turned back to Human (Players: 10/32)
L 01/29/2026 - 15:57:37: ADMIN talent <STEAM_ID_LAN><loopback> - talent turned back to Human (Players: 10/32)
L 01/29/2026 - 15:58:43: ADMIN talent <STEAM_ID_LAN><loopback> - ChRoNo turned into a Zombie (Players: 10/32)
L 01/29/2026 - 15:58:44: ADMIN talent <STEAM_ID_LAN><loopback> - pimpjuice turned into a Zombie (Players: 10/32)
L 01/29/2026 - 15:58:44: ADMIN talent <STEAM_ID_LAN><loopback> - (1)Chrono turned into a Zombie (Players: 10/32)
L 01/29/2026 - 15:58:46: ADMIN talent <STEAM_ID_LAN><loopback> - talent turned into a Nemesis (Players: 10/32)
L 01/29/2026 - 15:59:27: ADMIN talent <STEAM_ID_LAN><loopback> - ChRoNo turned back to Human (Players: 10/32)
L 01/29/2026 - 15:59:27: ADMIN talent <STEAM_ID_LAN><loopback> - pimpjuice turned back to Human (Players: 10/32)
L 01/29/2026 - 15:59:27: ADMIN talent <STEAM_ID_LAN><loopback> - talent turned back to Human (Players: 10/32)
L 01/29/2026 - 16:00:04: ADMIN talent <STEAM_ID_LAN><loopback> - ChRoNo turned into a Zombie (Players: 10/32)
L 01/29/2026 - 16:00:05: ADMIN talent <STEAM_ID_LAN><loopback> - pimpjuice turned into a Zombie (Players: 10/32)
L 01/29/2026 - 16:27:22: ADMIN talent <STEAM_ID_LAN><loopback> - vampiress turned into a Zombie (Players: 10/32)
L 01/29/2026 - 16:27:23: ADMIN talent <STEAM_ID_LAN><loopback> - Savage|420| turned into a Zombie (Players: 10/32)
L 01/29/2026 - 16:27:23: ADMIN talent <STEAM_ID_LAN><loopback> - BHSbballer15 turned into a Zombie (Players: 10/32)
L 01/29/2026 - 16:27:23: ADMIN talent <STEAM_ID_LAN><loopback> - iamblazed turned into a Zombie (Players: 10/32)
L 01/29/2026 - 16:52:47: ADMIN talent <STEAM_ID_LAN><loopback> - talent turned into a Nemesis (Players: 10/32)
L 01/29/2026 - 16:53:48: ADMIN talent <STEAM_ID_LAN><loopback> - talent turned into a Nemesis (Players: 1/32)
L 01/29/2026 - 16:53:55: ADMIN talent <STEAM_ID_LAN><loopback> - talent turned into a Nemesis (Players: 10/32)
L 01/29/2026 - 16:54:49: ADMIN talent <STEAM_ID_LAN><loopback> - talent turned into a Nemesis (Players: 1/32)
L 01/29/2026 - 16:54:58: ADMIN talent <STEAM_ID_LAN><loopback> - talent turned into a Nemesis (Players: 10/32)
L 01/29/2026 - 16:55:54: ADMIN talent <STEAM_ID_LAN><loopback> - talent turned into a Nemesis (Players: 10/32)
L 01/29/2026 - 16:56:59: ADMIN talent <STEAM_ID_LAN><loopback> - talent turned into a Nemesis (Players: 10/32)
L 01/29/2026 - 17:08:00: ADMIN talent <STEAM_ID_LAN><loopback> - vampiress turned into a Zombie (Players: 10/32)
L 01/29/2026 - 17:10:42: ADMIN talent <STEAM_ID_LAN><loopback> - Wigger Vampire turned back to Human (Players: 10/32)
L 01/29/2026 - 17:10:42: ADMIN talent <STEAM_ID_LAN><loopback> - red devil turned back to Human (Players: 10/32)
L 01/29/2026 - 17:10:42: ADMIN talent <STEAM_ID_LAN><loopback> - AfluffyKitten turned back to Human (Players: 10/32)
L 01/29/2026 - 17:10:42: ADMIN talent <STEAM_ID_LAN><loopback> - talent turned back to Human (Players: 10/32)
L 01/29/2026 - 17:14:07: ADMIN talent <STEAM_ID_LAN><loopback> - ChRoNo turned into a Zombie (Players: 10/32)
L 01/29/2026 - 17:14:07: ADMIN talent <STEAM_ID_LAN><loopback> - Wigger Vampire turned into a Zombie (Players: 10/32)
L 01/29/2026 - 17:14:07: ADMIN talent <STEAM_ID_LAN><loopback> - iamblazed turned into a Zombie (Players: 10/32)
L 01/29/2026 - 17:14:07: ADMIN talent <STEAM_ID_LAN><loopback> - BHSbballer15 turned into a Zombie (Players: 10/32)
L 01/29/2026 - 17:19:14: ADMIN talent <STEAM_ID_LAN><loopback> - ChRoNo turned into a Zombie (Players: 10/32)
L 01/29/2026 - 17:19:14: ADMIN talent <STEAM_ID_LAN><loopback> - Wigger Vampire turned into a Zombie (Players: 10/32)
L 01/29/2026 - 17:19:14: ADMIN talent <STEAM_ID_LAN><loopback> - iamblazed turned into a Zombie (Players: 10/32)
L 01/29/2026 - 17:19:14: ADMIN talent <STEAM_ID_LAN><loopback> - BHSbballer15 turned into a Zombie (Players: 10/32)
L 01/29/2026 - 17:19:14: ADMIN talent <STEAM_ID_LAN><loopback> - phillip_style turned into a Zombie (Players: 10/32)
L 01/29/2026 - 17:20:37: ADMIN talent <STEAM_ID_LAN><loopback> - ChRoNo turned into a Zombie (Players: 10/32)
L 01/29/2026 - 17:20:37: ADMIN talent <STEAM_ID_LAN><loopback> - Wigger Vampire turned into a Zombie (Players: 10/32)
L 01/29/2026 - 17:20:37: ADMIN talent <STEAM_ID_LAN><loopback> - iamblazed turned into a Zombie (Players: 10/32)
L 01/29/2026 - 17:20:37: ADMIN talent <STEAM_ID_LAN><loopback> - BHSbballer15 turned into a Zombie (Players: 10/32)
L 01/29/2026 - 17:21:54: ADMIN talent <STEAM_ID_LAN><loopback> - yoda turned into a Zombie (Players: 10/32)
